[2m16:54:36[22m [31m[1m[vite][22m[39m Pre-transform error: Failed to resolve import "./views/DataQuality.vue" from "src/main.ts". Does the file exist?
  Plugin: [35mvite:import-analysis[39m
  File: [36mC:/Users/Auraa/Desktop/AI虚拟警情处置模拟训练平台/frontend/src/main.ts[39m:24:54
[33m  18 |        { path: "dashboard", component: () => import("./views/Dashboard.vue") },
  19 |        { path: "cases", component: () => import("./views/Cases.vue") },
  20 |        { path: "data-quality", component: () => import("./views/DataQuality.vue") },
     |                                                        ^
  21 |        { path: "knowledge", component: () => import("./views/Knowledge.vue") },
  22 |        { path: "roles", component: () => import("./views/Roles.vue") },[39m
[2m16:54:36[22m [31m[1m[vite][22m[39m [31mInternal server error: Failed to resolve import "./views/DataQuality.vue" from "src/main.ts". Does the file exist?[39m
  Plugin: [35mvite:import-analysis[39m
  File: [36mC:/Users/Auraa/Desktop/AI虚拟警情处置模拟训练平台/frontend/src/main.ts[39m:24:54
[33m  18 |        { path: "dashboard", component: () => import("./views/Dashboard.vue") },
  19 |        { path: "cases", component: () => import("./views/Cases.vue") },
  20 |        { path: "data-quality", component: () => import("./views/DataQuality.vue") },
     |                                                        ^
  21 |        { path: "knowledge", component: () => import("./views/Knowledge.vue") },
  22 |        { path: "roles", component: () => import("./views/Roles.vue") },[39m
      at TransformPluginContext._formatLog (file:///C:/Users/Auraa/Desktop/AI%E8%99%9A%E6%8B%9F%E8%AD%A6%E6%83%85%E5%A4%84%E7%BD%AE%E6%A8%A1%E6%8B%9F%E8%AE%AD%E7%BB%83%E5%B9%B3%E5%8F%B0/frontend/node_modules/vite/dist/node/chunks/dep-Dq2t6Dq0.js:42553:41)
      at TransformPluginContext.error (file:///C:/Users/Auraa/Desktop/AI%E8%99%9A%E6%8B%9F%E8%AD%A6%E6%83%85%E5%A4%84%E7%BD%AE%E6%A8%A1%E6%8B%9F%E8%AE%AD%E7%BB%83%E5%B9%B3%E5%8F%B0/frontend/node_modules/vite/dist/node/chunks/dep-Dq2t6Dq0.js:42550:16)
      at normalizeUrl (file:///C:/Users/Auraa/Desktop/AI%E8%99%9A%E6%8B%9F%E8%AD%A6%E6%83%85%E5%A4%84%E7%BD%AE%E6%A8%A1%E6%8B%9F%E8%AE%AD%E7%BB%83%E5%B9%B3%E5%8F%B0/frontend/node_modules/vite/dist/node/chunks/dep-Dq2t6Dq0.js:40529:23)
      at process.processTicksAndRejections (node:internal/process/task_queues:105:5)
      at async file:///C:/Users/Auraa/Desktop/AI%E8%99%9A%E6%8B%9F%E8%AD%A6%E6%83%85%E5%A4%84%E7%BD%AE%E6%A8%A1%E6%8B%9F%E8%AE%AD%E7%BB%83%E5%B9%B3%E5%8F%B0/frontend/node_modules/vite/dist/node/chunks/dep-Dq2t6Dq0.js:40648:37
      at async Promise.all (index 11)
      at async TransformPluginContext.transform (file:///C:/Users/Auraa/Desktop/AI%E8%99%9A%E6%8B%9F%E8%AD%A6%E6%83%85%E5%A4%84%E7%BD%AE%E6%A8%A1%E6%8B%9F%E8%AE%AD%E7%BB%83%E5%B9%B3%E5%8F%B0/frontend/node_modules/vite/dist/node/chunks/dep-Dq2t6Dq0.js:40575:7)
      at async EnvironmentPluginContainer.transform (file:///C:/Users/Auraa/Desktop/AI%E8%99%9A%E6%8B%9F%E8%AD%A6%E6%83%85%E5%A4%84%E7%BD%AE%E6%A8%A1%E6%8B%9F%E8%AE%AD%E7%BB%83%E5%B9%B3%E5%8F%B0/frontend/node_modules/vite/dist/node/chunks/dep-Dq2t6Dq0.js:42348:18)
      at async loadAndTransform (file:///C:/Users/Auraa/Desktop/AI%E8%99%9A%E6%8B%9F%E8%AD%A6%E6%83%85%E5%A4%84%E7%BD%AE%E6%A8%A1%E6%8B%9F%E8%AE%AD%E7%BB%83%E5%B9%B3%E5%8F%B0/frontend/node_modules/vite/dist/node/chunks/dep-Dq2t6Dq0.js:35740:27)
      at async viteTransformMiddleware (file:///C:/Users/Auraa/Desktop/AI%E8%99%9A%E6%8B%9F%E8%AD%A6%E6%83%85%E5%A4%84%E7%BD%AE%E6%A8%A1%E6%8B%9F%E8%AE%AD%E7%BB%83%E5%B9%B3%E5%8F%B0/frontend/node_modules/vite/dist/node/chunks/dep-Dq2t6Dq0.js:37264:24)
[2m16:55:18[22m [31m[1m[vite][22m[39m Pre-transform error: Failed to resolve import "./views/DataQuality.vue" from "src/main.ts". Does the file exist?
  Plugin: [35mvite:import-analysis[39m
  File: [36mC:/Users/Auraa/Desktop/AI虚拟警情处置模拟训练平台/frontend/src/main.ts[39m:24:54
[33m  18 |        { path: "dashboard", component: () => import("./views/Dashboard.vue") },
  19 |        { path: "cases", component: () => import("./views/Cases.vue") },
  20 |        { path: "data-quality", component: () => import("./views/DataQuality.vue") },
     |                                                        ^
  21 |        { path: "knowledge", component: () => import("./views/Knowledge.vue") },
  22 |        { path: "roles", component: () => import("./views/Roles.vue") },[39m
[2m16:55:18[22m [31m[1m[vite][22m[39m [31mInternal server error: Failed to resolve import "./views/DataQuality.vue" from "src/main.ts". Does the file exist?[39m
  Plugin: [35mvite:import-analysis[39m
  File: [36mC:/Users/Auraa/Desktop/AI虚拟警情处置模拟训练平台/frontend/src/main.ts[39m:24:54
[33m  18 |        { path: "dashboard", component: () => import("./views/Dashboard.vue") },
  19 |        { path: "cases", component: () => import("./views/Cases.vue") },
  20 |        { path: "data-quality", component: () => import("./views/DataQuality.vue") },
     |                                                        ^
  21 |        { path: "knowledge", component: () => import("./views/Knowledge.vue") },
  22 |        { path: "roles", component: () => import("./views/Roles.vue") },[39m
      at TransformPluginContext._formatLog (file:///C:/Users/Auraa/Desktop/AI%E8%99%9A%E6%8B%9F%E8%AD%A6%E6%83%85%E5%A4%84%E7%BD%AE%E6%A8%A1%E6%8B%9F%E8%AE%AD%E7%BB%83%E5%B9%B3%E5%8F%B0/frontend/node_modules/vite/dist/node/chunks/dep-Dq2t6Dq0.js:42553:41)
      at TransformPluginContext.error (file:///C:/Users/Auraa/Desktop/AI%E8%99%9A%E6%8B%9F%E8%AD%A6%E6%83%85%E5%A4%84%E7%BD%AE%E6%A8%A1%E6%8B%9F%E8%AE%AD%E7%BB%83%E5%B9%B3%E5%8F%B0/frontend/node_modules/vite/dist/node/chunks/dep-Dq2t6Dq0.js:42550:16)
      at normalizeUrl (file:///C:/Users/Auraa/Desktop/AI%E8%99%9A%E6%8B%9F%E8%AD%A6%E6%83%85%E5%A4%84%E7%BD%AE%E6%A8%A1%E6%8B%9F%E8%AE%AD%E7%BB%83%E5%B9%B3%E5%8F%B0/frontend/node_modules/vite/dist/node/chunks/dep-Dq2t6Dq0.js:40529:23)
      at process.processTicksAndRejections (node:internal/process/task_queues:105:5)
      at async file:///C:/Users/Auraa/Desktop/AI%E8%99%9A%E6%8B%9F%E8%AD%A6%E6%83%85%E5%A4%84%E7%BD%AE%E6%A8%A1%E6%8B%9F%E8%AE%AD%E7%BB%83%E5%B9%B3%E5%8F%B0/frontend/node_modules/vite/dist/node/chunks/dep-Dq2t6Dq0.js:40648:37
      at async Promise.all (index 11)
      at async TransformPluginContext.transform (file:///C:/Users/Auraa/Desktop/AI%E8%99%9A%E6%8B%9F%E8%AD%A6%E6%83%85%E5%A4%84%E7%BD%AE%E6%A8%A1%E6%8B%9F%E8%AE%AD%E7%BB%83%E5%B9%B3%E5%8F%B0/frontend/node_modules/vite/dist/node/chunks/dep-Dq2t6Dq0.js:40575:7)
      at async EnvironmentPluginContainer.transform (file:///C:/Users/Auraa/Desktop/AI%E8%99%9A%E6%8B%9F%E8%AD%A6%E6%83%85%E5%A4%84%E7%BD%AE%E6%A8%A1%E6%8B%9F%E8%AE%AD%E7%BB%83%E5%B9%B3%E5%8F%B0/frontend/node_modules/vite/dist/node/chunks/dep-Dq2t6Dq0.js:42348:18)
      at async loadAndTransform (file:///C:/Users/Auraa/Desktop/AI%E8%99%9A%E6%8B%9F%E8%AD%A6%E6%83%85%E5%A4%84%E7%BD%AE%E6%A8%A1%E6%8B%9F%E8%AE%AD%E7%BB%83%E5%B9%B3%E5%8F%B0/frontend/node_modules/vite/dist/node/chunks/dep-Dq2t6Dq0.js:35740:27)
      at async viteTransformMiddleware (file:///C:/Users/Auraa/Desktop/AI%E8%99%9A%E6%8B%9F%E8%AD%A6%E6%83%85%E5%A4%84%E7%BD%AE%E6%A8%A1%E6%8B%9F%E8%AE%AD%E7%BB%83%E5%B9%B3%E5%8F%B0/frontend/node_modules/vite/dist/node/chunks/dep-Dq2t6Dq0.js:37264:24)
